# aws2azure conformance golden
# source: aws
# operation: sqs:InvalidClientTokenId
# captured: 2026-08-21T17:45:01.3082486+00:00
# note: Captured from real AWS by capture-real-aws.yml
# ---
HTTP 403
[header] content-type: text/xml
[body:xml-error]
  (root): ErrorResponse
  Code: InvalidClientTokenId
  Detail: 
  Message: <MASKED>
  RequestId: <MASKED>
  Type: Sender
