# aws2azure conformance golden
# source: aws
# operation: dynamodb:BatchWriteItem/BatchGetItem
# captured: 2026-08-21T17:46:12.4045163+00:00
# note: Captured from real AWS by capture-real-aws.yml
# ---
HTTP 200
[header] content-type: application/x-amz-json-1.0
[header] x-amz-crc32: 4185382651
[body:json-error]
  UnprocessedItems: <nested>
