# aws2azure conformance golden
# source: aws
# operation: dynamodb:BatchWriteItem/BatchGetItem
# captured: 2026-08-23T19:47:07.1918337+00:00
# note: Captured from real AWS by capture-real-aws.yml
# ---
HTTP 200
[header] content-type: application/x-amz-json-1.0
[header] x-amz-crc32: 3416876317
[body:json-error]
  Responses: <nested>
  UnprocessedKeys: <nested>
