# aws2azure conformance golden
# source: aws
# operation: dynamodb:CreateTable/TransactWriteItems/TransactGetItems/DeleteTable
# captured: 2026-08-23T19:47:16.5742701+00:00
# note: Captured from real AWS by capture-real-aws.yml
# ---
HTTP 200
[header] content-type: application/x-amz-json-1.0
[header] x-amz-crc32: 1237092486
[body:json-error]
  TableDescription: <nested>
