# aws2azure conformance golden
# source: aws
# operation: s3:InvalidBucketName
# captured: 2026-08-23T19:47:53.0138125+00:00
# note: Captured from real AWS by capture-real-aws.yml
# ---
HTTP 400
[header] content-type: application/xml
[header] x-amz-id-2: <MASKED>
[header] x-amz-request-id: <MASKED>
[body:xml-error]
  (root): Error
  BucketName: ab
  Code: InvalidBucketName
  HostId: <MASKED>
  Message: <MASKED>
  RequestId: <MASKED>
