# aws2azure conformance golden
# source: aws
# operation: s3:HeadBucket/HeadObject
# captured: 2026-08-21T17:47:21.0969104+00:00
# note: Captured from real AWS by capture-real-aws.yml
# ---
HTTP 200
[header] content-type: binary/octet-stream
[header] x-amz-id-2: <MASKED>
[header] x-amz-request-id: <MASKED>
[header] x-amz-server-side-encryption: AES256
[header] x-amz-version-id: Smx4Jul3wu3.ER9qs1yjjbWE.cNO7zlp
[body:empty]
