# aws2azure conformance golden
# source: aws
# operation: s3:HeadBucket/HeadObject
# captured: 2026-08-23T19:48:09.1025394+00:00
# note: Captured from real AWS by capture-real-aws.yml
# ---
HTTP 200
[header] content-type: binary/octet-stream
[header] x-amz-id-2: <MASKED>
[header] x-amz-request-id: <MASKED>
[header] x-amz-server-side-encryption: AES256
[header] x-amz-version-id: sZ0PNVDk_Z3F8GiyXpweq6mHqctVRNgz
[body:empty]
