# aws2azure conformance golden
# source: aws
# operation: s3:HeadBucket/HeadObject
# captured: 2026-08-23T19:48:08.9282230+00:00
# note: Captured from real AWS by capture-real-aws.yml
# ---
HTTP 200
[header] content-type: application/xml
[header] x-amz-access-point-alias: false
[header] x-amz-bucket-arn: arn:aws:s3:::aws2azure-it-1787514472-878450-s3bucket
[header] x-amz-bucket-region: us-east-1
[header] x-amz-id-2: <MASKED>
[header] x-amz-request-id: <MASKED>
[body:empty]
