# aws2azure conformance golden
# source: aws
# operation: dynamodb:CreateTable/TagResource/ListTagsOfResource/UntagResource/DeleteTable
# captured: 2026-08-21T17:46:34.8221106+00:00
# note: Captured from real AWS by capture-real-aws.yml
# ---
HTTP 200
[header] content-type: application/x-amz-json-1.0
[header] x-amz-crc32: 1429655442
[body:json-error]
  Tags: <nested>
