# aws2azure conformance golden
# source: aws
# operation: s3:PutObject/GetObject[If-Match]/DeleteObject
# captured: 2026-08-21T17:47:04.7214139+00:00
# note: Captured from real AWS by capture-real-aws.yml
# ---
HTTP 200
[header] x-amz-bucket-arn: arn:aws:s3:::aws2azure-it-1787334418-288841-s3bucket
[header] x-amz-id-2: <MASKED>
[header] x-amz-request-id: <MASKED>
[body:empty]
