# aws2azure conformance golden
# source: aws
# operation: sqs:CreateQueue/SendMessage/SendMessage/ReceiveMessage/ReceiveMessage/ChangeMessageVisibilityBatch/DeleteQueue
# captured: 2026-08-23T19:46:15.1296352+00:00
# note: Captured from real AWS by capture-real-aws.yml
# ---
HTTP 200
[header] content-type: text/xml
[body:xml-error]
  (root): CreateQueueResponse
  CreateQueueResult: <nested>
  ResponseMetadata: <nested>
