# aws2azure conformance golden
# source: aws
# operation: dynamodb:PutItem/UpdateItem/GetItem
# captured: 2026-08-21T17:46:20.1437946+00:00
# note: Captured from real AWS by capture-real-aws.yml
# ---
HTTP 200
[header] content-type: application/x-amz-json-1.0
[header] x-amz-crc32: 2745614147
[body:json-error]
