# aws2azure conformance golden
# source: aws
# operation: sns:InvalidClientTokenId
# captured: 2026-08-23T19:46:35.8741107+00:00
# note: Captured from real AWS by capture-real-aws.yml
# ---
HTTP 403
[header] content-type: text/xml
[body:xml-error]
  (root): ErrorResponse
  Code: InvalidClientTokenId
  Message: <MASKED>
  RequestId: <MASKED>
  Type: Sender
