# aws2azure conformance golden
# source: aws
# operation: dynamodb:PutItem/GetItem/DeleteItem
# captured: 2026-08-23T19:46:56.2420355+00:00
# note: Captured from real AWS by capture-real-aws.yml
# ---
HTTP 200
[header] content-type: application/x-amz-json-1.0
[header] x-amz-crc32: 3987754228
[body:json-error]
  Item: <nested>
