# aws2azure conformance golden
# source: aws
# operation: sqs:CreateQueue/ListQueues/DeleteQueue
# captured: 2026-08-07T23:53:32.6016329+00:00
# note: Captured from real AWS by capture-real-aws.yml
# ---
HTTP 200
[header] content-type: text/xml
[body:xml-error]
  (root): ListQueuesResponse
  ListQueuesResult: <nested>
  ResponseMetadata: <nested>
