# aws2azure conformance golden
# source: aws
# operation: dynamodb:InvalidSignatureException
# captured: 2026-08-23T19:46:55.7446650+00:00
# note: Captured from real AWS by capture-real-aws.yml
# ---
HTTP 400
[header] content-type: application/x-amz-json-1.0
[header] x-amz-crc32: 4053557606
[body:json-error]
  Code: InvalidSignatureException
  Message: <MASKED>
