# aws2azure conformance golden
# source: aws
# operation: secretsmanager:CreateSecret/ListSecrets/DeleteSecret
# captured: 2026-08-23T19:46:05.7158056+00:00
# note: Captured from real AWS by capture-real-aws.yml
# ---
HTTP 200
[header] content-type: application/x-amz-json-1.1
[body:json-error]
  ARN: arn:aws:secretsmanager:us-east-1:566721718195:secret:aws2azure-it-1787514363-953820-secretsmanagerlist2-Bojf2V
  Name: aws2azure-it-1787514363-953820-secretsmanagerlist2
  VersionId: c6053b72-209e-4d94-aa91-0425b98cc329
