# aws2azure conformance golden
# source: aws
# operation: secretsmanager:CreateSecret/ListSecrets/DeleteSecret
# captured: 2026-08-23T19:46:06.4950976+00:00
# note: Captured from real AWS by capture-real-aws.yml
# ---
HTTP 200
[header] content-type: application/x-amz-json-1.1
[body:json-error]
  ARN: arn:aws:secretsmanager:us-east-1:566721718195:secret:aws2azure-it-1787514363-953820-secretsmanagerlist2-Bojf2V
  DeletionDate: 1.790106366429E9
  Name: aws2azure-it-1787514363-953820-secretsmanagerlist2
