# aws2azure conformance golden
# source: aws
# operation: secretsmanager:CreateSecret/ListSecrets/DeleteSecret
# captured: 2026-08-23T19:46:05.8677953+00:00
# note: Captured from real AWS by capture-real-aws.yml
# ---
HTTP 200
[header] content-type: application/x-amz-json-1.1
[body:json-error]
  NextToken: AGUAAAAAAcY2a9B2wSm6IpTe7J1pggz3e3IcpjG5UFEpd5T4842bGMjAYITAcNhf7KZDRI2bDDN8hbO/OJ+cuWilezriL4ABrh3sVuGnz8KB9mTKPQIrWLB6WGTrH/qfmvsQNnSjfPMhmbwwcPW0vhuclR/2iP+ph8Ue+HLTTJQjO1GMV9bRtdD4S/td/FTxpNX3z1ceqyi603y0f4Lzl6uBroIkgnyflPX0ydilsrsHSJ4w4Z4U1lJBymSUc67keag/tb45f2+ADRCfuY12KZTDe3lGCVdPD+C4oiHCqU24qD7Wa+dlRSsLv+50oG1EDaOUr4s2z/bwYk8wrTSTp5HKqhB4zAoES7e02jp9L/Tm2Me3fDTpVMxGjM0RI3bgzlw/
  SecretList: <nested>
