# aws2azure conformance golden
# source: aws
# operation: dynamodb:SerializationException
# captured: 2026-08-23T19:46:55.5599586+00:00
# note: Captured from real AWS by capture-real-aws.yml
# ---
HTTP 400
[header] content-type: application/x-amz-json-1.0
[header] x-amz-crc32: 3948637019
[body:json-error]
  Code: SerializationException
