# aws2azure conformance golden
# source: aws
# operation: dynamodb:CreateTable/ListTables/DeleteTable
# captured: 2026-08-21T17:46:48.6176432+00:00
# note: Captured from real AWS by capture-real-aws.yml
# ---
HTTP 200
[header] content-type: application/x-amz-json-1.0
[header] x-amz-crc32: 596518859
[body:json-error]
  TableDescription: <nested>
