# aws2azure conformance golden
# source: aws
# operation: dynamodb:CreateTable/ListTables/DeleteTable
# captured: 2026-08-23T19:47:52.0790017+00:00
# note: Captured from real AWS by capture-real-aws.yml
# ---
HTTP 200
[header] content-type: application/x-amz-json-1.0
[header] x-amz-crc32: 1278793177
[body:json-error]
  TableDescription: <nested>
