# aws2azure conformance golden
# source: aws
# operation: kinesis:ListShards
# captured: 2026-08-21T17:44:59.3812105+00:00
# note: Captured from real AWS by capture-real-aws.yml
# ---
HTTP 200
[header] content-type: application/x-amz-json-1.1
[header] x-amz-id-2: <MASKED>
[body:json-error]
  NextToken: AAAAAAAAAAEmiQWi6NTwdJ9suo5gQi1YGEWndFdDMfrsVN8Q6tkTsaGKRrcS8ETEYJdbe34G4RV6kGi+LiG6lrqkPbfdSw5EGEUk+3UhPt9i553JIRJaFvT+ITmcM2+Ba9sKai3IZiytIyvCWYP1WRaOpVzSXnsvi/BEh8n5EGX2aRAR//6X4wR+is3FGiGFbNWoLH9Dn6xBoeZY7yj1Qog7osx4uKX2cMFcrWepLaBn2uDYdM5bI9440ipOXP8IBg+9/U33CVc=
  Shards: <nested>
