# aws2azure conformance golden
# source: aws
# operation: kinesis:ListShards
# captured: 2026-08-23T19:46:02.4451394+00:00
# note: Captured from real AWS by capture-real-aws.yml
# ---
HTTP 200
[header] content-type: application/x-amz-json-1.1
[header] x-amz-id-2: <MASKED>
[body:json-error]
  NextToken: AAAAAAAAAAGD8njJZ2VvEF6GfER3e4ZgBcFjwxPEtpixVkf5kwqU3lrwfxoKuXpIoRjPZsMAdgtVqKgJarudCCweAfDWApYw/prW81NvRRLtnDqlkOEt4Rs2lP5R7KxJJtIItDWF2FROyY8nykozyMpZLPrQ9ZNLKxq51r8CC7ZHpuMVyzibfTq24bbdNC/T+B+xe+XsZpzNYa7LV0RyR1S77Tb1XTZW2L79ROfAp2ZALL6QjwoJnQQDj5lQl83iHtoO7+mvE4Y=
  Shards: <nested>
