# aws2azure conformance golden
# source: aws
# operation: sns:CreateTopic/Subscribe/GetSubscriptionAttributes/SetSubscriptionAttributes/GetSubscriptionAttributes/Unsubscribe/GetSubscriptionAttributes/DeleteTopic
# captured: 2026-08-23T19:46:41.4084191+00:00
# note: Captured from real AWS by capture-real-aws.yml
# ---
HTTP 200
[header] content-type: text/xml
[body:xml-error]
  (root): UnsubscribeResponse
  ResponseMetadata: <nested>
