# aws2azure conformance golden
# source: aws
# operation: dynamodb:PutItem[ConditionExpression]/GetItem/DeleteItem
# captured: 2026-08-21T17:46:02.5117267+00:00
# note: Captured from real AWS by capture-real-aws.yml
# ---
HTTP 200
[header] content-type: application/x-amz-json-1.0
[header] x-amz-crc32: 277818991
[body:json-error]
  Item: <nested>
