# aws2azure conformance golden
# source: aws
# operation: kinesis:ListShards
# captured: 2026-08-05T22:00:01.0000000+00:00
# note: TEST FIXTURE ONLY - synthetic real-AWS step capture for offline diff tests.
# ---
HTTP 200
[header] Content-Type: application/x-amz-json-1.1
[body:opaque]
  Shards[0].ShardId: shard-000000000001
