# aws2azure conformance golden
# source: aws
# operation: sns:CreateTopic/PublishBatch/DeleteTopic
# captured: 2026-08-21T17:45:40.1237434+00:00
# note: Captured from real AWS by capture-real-aws.yml
# ---
HTTP 200
[header] content-type: text/xml
[body:xml-error]
  (root): PublishBatchResponse
  PublishBatchResult: <nested>
  ResponseMetadata: <nested>
