# aws2azure conformance golden
# source: aws
# operation: dynamodb:PutItem/Scan/DeleteItem
# captured: 2026-08-21T17:46:01.6031283+00:00
# note: Captured from real AWS by capture-real-aws.yml
# ---
HTTP 200
[header] content-type: application/x-amz-json-1.0
[header] x-amz-crc32: 1118341716
[body:json-error]
  Count: 1
  Items: <nested>
  LastEvaluatedKey: <nested>
  ScannedCount: 1
