# aws2azure conformance golden
# source: aws
# operation: kinesis:SerializationException
# captured: 2026-08-23T19:46:01.1278605+00:00
# note: Captured from real AWS by capture-real-aws.yml
# ---
HTTP 400
[header] content-type: application/x-amz-json-1.1
[header] x-amz-id-2: <MASKED>
[body:json-error]
  Code: SerializationException
