# aws2azure conformance golden
# source: aws
# operation: sqs:CreateQueue/SendMessage/ReceiveMessage/DeleteMessage/DeleteQueue
# captured: 2026-08-21T17:45:03.1181161+00:00
# note: Captured from real AWS by capture-real-aws.yml
# ---
HTTP 200
[header] content-type: text/xml
[body:xml-error]
  (root): DeleteMessageResponse
  ResponseMetadata: <nested>
