# aws2azure conformance golden
# source: aws
# operation: s3:PresignedPutObject/PresignedGetObject
# captured: 2026-08-23T19:48:13.8738513+00:00
# note: Captured from real AWS by capture-real-aws.yml
# ---
HTTP 204
[header] x-amz-delete-marker: true
[header] x-amz-id-2: <MASKED>
[header] x-amz-request-id: <MASKED>
[header] x-amz-version-id: mLkTHvrJsqZ69LeFSlwoW5b6KwPQCFk_
[body:empty]
