# aws2azure conformance golden
# source: aws
# operation: s3:PutObject/DeleteObjects/GetObject
# captured: 2026-08-21T17:47:09.8533134+00:00
# note: Captured from real AWS by capture-real-aws.yml
# ---
HTTP 200
[header] content-type: application/xml
[header] x-amz-id-2: <MASKED>
[header] x-amz-request-id: <MASKED>
[body:xml-error]
  (root): DeleteResult
  Deleted: <nested>
  Deleted: <nested>
  Deleted: <nested>
