# aws2azure conformance golden
# source: aws
# operation: s3:PutObject/DeleteObjects/GetObject
# captured: 2026-08-23T19:48:01.0112022+00:00
# note: Captured from real AWS by capture-real-aws.yml
# ---
HTTP 204
[header] x-amz-id-2: <MASKED>
[header] x-amz-request-id: <MASKED>
[header] x-amz-version-id: otkrc.DrD_e.Gab.XNbiakZShJr9jfJL
[body:empty]
