# aws2azure conformance golden
# source: aws
# operation: sqs:CreateQueue/GetQueueUrl/GetQueueAttributes/SetQueueAttributes/GetQueueAttributes/DeleteQueue
# captured: 2026-08-21T17:45:09.0156982+00:00
# note: Captured from real AWS by capture-real-aws.yml
# ---
HTTP 200
[header] content-type: text/xml
[body:xml-error]
  (root): GetQueueUrlResponse
  GetQueueUrlResult: <nested>
  ResponseMetadata: <nested>
