# aws2azure conformance golden
# source: aws
# operation: kinesis:InvalidSignatureException
# captured: 2026-08-21T17:44:57.5084127+00:00
# note: Captured from real AWS by capture-real-aws.yml
# ---
HTTP 400
[header] content-type: application/x-amz-json-1.1
[header] x-amz-id-2: <MASKED>
[body:json-error]
  Code: InvalidSignatureException
  Message: <MASKED>
