# aws2azure conformance golden
# source: aws
# operation: s3:NoSuchBucket
# captured: 2026-08-21T17:47:00.2217860+00:00
# note: Captured from real AWS by capture-real-aws.yml
# ---
HTTP 404
[header] content-type: application/xml
[header] x-amz-id-2: <MASKED>
[header] x-amz-request-id: <MASKED>
[body:xml-error]
  (root): Error
  BucketName: conformance_invalid_bucket
  Code: NoSuchBucket
  HostId: <MASKED>
  Message: <MASKED>
  RequestId: <MASKED>
