# aws2azure conformance golden
# source: aws
# operation: dynamodb:UnknownOperationException
# captured: 2026-08-20T22:16:31.0659266+00:00
# note: Captured from real AWS by capture-real-aws.yml
# ---
HTTP 400
[header] content-type: application/x-amz-json-1.0
[header] x-amz-crc32: 1368724161
[body:json-error]
  Code: UnknownOperationException
