# aws2azure conformance golden
# source: aws
# operation: secretsmanager:CreateSecret/GetSecretValue/UpdateSecret/GetSecretValue/DeleteSecret
# captured: 2026-08-23T19:46:03.7911211+00:00
# note: Captured from real AWS by capture-real-aws.yml
# ---
HTTP 200
[header] content-type: application/x-amz-json-1.1
[body:json-error]
  ARN: arn:aws:secretsmanager:us-east-1:566721718195:secret:aws2azure-it-1787514363-567560-secretsmanagerroundtrip-sENa1P
  Name: aws2azure-it-1787514363-567560-secretsmanagerroundtrip
  VersionId: 78cfe329-9aa6-48c2-bf47-23572a6da802
