# aws2azure conformance golden
# source: aws
# operation: secretsmanager:CreateSecret/GetSecretValue/UpdateSecret/GetSecretValue/DeleteSecret
# captured: 2026-08-23T19:46:04.3815132+00:00
# note: Captured from real AWS by capture-real-aws.yml
# ---
HTTP 200
[header] content-type: application/x-amz-json-1.1
[body:json-error]
  ARN: arn:aws:secretsmanager:us-east-1:566721718195:secret:aws2azure-it-1787514363-567560-secretsmanagerroundtrip-sENa1P
  CreatedDate: 1.787514364159E9
  Name: aws2azure-it-1787514363-567560-secretsmanagerroundtrip
  SecretString: conformance-updated-value
  VersionId: 2704329d-2172-4f69-8d60-a142d15e85c1
  VersionStages: <nested>
