# aws2azure conformance golden
# source: aws
# operation: kinesis:PutRecord/GetShardIterator/GetRecords
# captured: 2026-08-23T19:46:02.1873424+00:00
# note: Captured from real AWS by capture-real-aws.yml
# ---
HTTP 200
[header] content-type: application/x-amz-json-1.1
[header] x-amz-id-2: <MASKED>
[body:json-error]
  MillisBehindLatest: 0
  NextShardIterator: AAAAAAAAAAG87/JyrZJFxZPU73WacZtV1A91C5NhD8iuVXE4K3dOYnUn8cOiQubOTnMvoYfra6cP96W7FRgmy42BhJpvxrqbfFWxlN6KPCJyuq9OyoHJKNHw4u9S+tdSkNTYzP7V0V+vyIXsgeIB6uYRBdsR6h+k84ub9C5pQ0OQv/sgoAYObvJ9zDclcY1uioobaUSgENzzgMc9hbRhgSivgY5A1ML9OTW/t2Ux+wtMXyHc6p83QJp0PL97TyKeXc9e5Nkrez2ZFJoRPP1VBzDpWCrhfP8t
  Records: <nested>
