# aws2azure conformance golden
# source: aws
# operation: kinesis:PutRecord/GetShardIterator/GetRecords
# captured: 2026-08-23T19:46:01.9540142+00:00
# note: Captured from real AWS by capture-real-aws.yml
# ---
HTTP 200
[header] content-type: application/x-amz-json-1.1
[header] x-amz-id-2: <MASKED>
[body:json-error]
  ShardIterator: AAAAAAAAAAGaFEG6aNhNp+9P0Jc2KVz3Vi9oFQpEvWf8inaoY3d4Ulqp9SHncOPcmaqJaqt32qEsTtdarYRUyiFfOpIL4kO2uCW/0oNYSyDhHM4cKJhYAHMuVrFiSz3GOE6wYrYDZtK6HfEO2QVZqprWlmDpDIRUuNbQkxnEsXS5uLKgFXUsVZDEgdlxNdHDeZeh0/GWyHmASp83jrQJHHmjRbkstA9CGGGX7j7QL3D495SyF7yOdJxJBGfwZSmbZTGptHK563WRz1lVbuxduqumc4Bdd3Hp
