# aws2azure conformance golden
# source: aws
# operation: kinesis:PutRecord/GetShardIterator/GetRecords
# captured: 2026-08-21T17:44:58.7419778+00:00
# note: Captured from real AWS by capture-real-aws.yml
# ---
HTTP 200
[header] content-type: application/x-amz-json-1.1
[header] x-amz-id-2: <MASKED>
[body:json-error]
  MillisBehindLatest: 0
  NextShardIterator: AAAAAAAAAAEWOFK9HYIXnJWgMhBJ4OPE3DjR6lmJjb6nbEO8YstOZoxFk39JiUqM22jpD3CVPkIDUAr1vEjxBQRm7LJJBKKAcvJ71Se+YhLUkWakf1hQdN8paxnbnvOlaTIES53ftK0kyvYoDhmxqY2i14e2VyBvAT2gXbfoGbuFmXeFLq6pGeiWiVyiUF9gCEc5+kF+jkYIDk/8SF6Fb2kxbVxrXwIlWMK/68i7uakG3zwJWfthM5X4JnoB1kOfN2I1sdXaSlpd8CJLyX21u+z9sQUbNM8J
  Records: <nested>
