# aws2azure conformance golden
# source: aws
# operation: kinesis:PutRecord/GetShardIterator/GetRecords
# captured: 2026-08-21T17:44:58.4484712+00:00
# note: Captured from real AWS by capture-real-aws.yml
# ---
HTTP 200
[header] content-type: application/x-amz-json-1.1
[header] x-amz-id-2: <MASKED>
[body:json-error]
  ShardIterator: AAAAAAAAAAGL7rOq3Hhi2Ax/Jno4f/ViiZJYe1XmKvgwuwOXRMl+8Lq3BBggW1NyA3D8oEX+Ma2629y6lY/BNF2qlJy4menJf98LmVYFsgcjUIAR+MdLqI7evOYVeikB2EszuGJGD2mXjDIfr9PiDNyQTojYYtWwSqR7JbSzrkRnU+Cg0Bv20ZFV3M4lq0A/cVPGGEfcqKbD4lCSVpayIxeVhWlA0BoR1oo06BjFiy6BAHGTfydSR5Bc+lu2zd8LgjzBxJ8mL8Rod66OQIYZ0BNc61riGcvj
