# aws2azure conformance golden
# source: aws
# operation: kinesis:PutRecord/GetShardIterator/GetRecords
# captured: 2026-08-07T23:53:31.4273898+00:00
# note: Captured from real AWS by capture-real-aws.yml
# ---
HTTP 200
[header] content-type: application/x-amz-json-1.1
[header] x-amz-id-2: <MASKED>
[body:json-error]
  MillisBehindLatest: 0
  NextShardIterator: AAAAAAAAAAHJeUzCxj4T/btH3NF7tcbTAAK0gXo2NMqGn0V1M49FhKnXGGzCC/o6nk8PX7doWPvAdmFTr5wpuVH+og2iyxvrfvWeousYrDYyOCeKzTAqms0R2UCKCrJ8O4MJeQyCOmxt84jhkLaBwApksahOCnbi6I17wuzHpHvhgKudayq4tkzgcXjdcS1uB8yJjnMHSbGFxmJA+WsINHjihrM+AUsXp8dxUnmr/S8iWZI6bX4Ta5gOiMdCAqH1HUtZFP+zEuU73eDjoG9BBrbayJ6PYWMj
  Records: <nested>
