# aws2azure conformance golden
# source: aws
# operation: s3:PutObject/GetObject/DeleteObject
# captured: 2026-08-23T19:47:54.4874042+00:00
# note: Captured from real AWS by capture-real-aws.yml
# ---
HTTP 200
[header] content-type: binary/octet-stream
[header] x-amz-id-2: <MASKED>
[header] x-amz-request-id: <MASKED>
[header] x-amz-server-side-encryption: AES256
[header] x-amz-version-id: 60HzrQFVCcBT950s6oBOkuLSK150CNdt
[body:opaque]
  (raw): aws2azure conformance roundtrip payload
