# aws2azure conformance golden
# source: aws
# operation: sqs:UnrecognizedClientException
# captured: 2026-08-23T19:46:07.4902835+00:00
# note: Captured from real AWS by capture-real-aws.yml
# ---
HTTP 403
[header] content-type: application/x-amz-json-1.0
[body:json-error]
  Code: UnrecognizedClientException
  Message: <MASKED>
