# aws2azure conformance golden
# source: aws
# operation: s3:ListObjectsV2
# captured: 2026-08-23T19:47:56.3383515+00:00
# note: Captured from real AWS by capture-real-aws.yml
# ---
HTTP 204
[header] x-amz-id-2: <MASKED>
[header] x-amz-request-id: <MASKED>
[header] x-amz-version-id: GSUincughTdDkrNXg6NhEmWvcVq701Ft
[body:empty]
