# aws2azure conformance golden
# source: aws
# operation: s3:ListObjectsV2
# captured: 2026-08-21T17:47:03.5020160+00:00
# note: Captured from real AWS by capture-real-aws.yml
# ---
HTTP 200
[header] content-type: application/xml
[header] x-amz-bucket-region: us-east-1
[header] x-amz-id-2: <MASKED>
[header] x-amz-request-id: <MASKED>
[body:xml-error]
  (root): ListBucketResult
  Contents: <nested>
  ContinuationToken: 1R9nT6buGSjs/roAla6YrrV4ZU/7KUzMCDN1ntwEwTFUMW58DBWJLAmNbbhOgk5sLkwCVhnQ6+yvVMPKJdhOGrgnVhQYYMxlq
  IsTruncated: false
  KeyCount: 1
  MaxKeys: 1
  Name: aws2azure-it-1787334418-288841-s3bucket
  Prefix: 
