# aws2azure conformance golden
# source: aws
# operation: s3:CreateMultipartUpload/UploadPart/UploadPartCopy/ListParts/CompleteMultipartUpload/GetObject
# captured: 2026-08-21T17:47:11.6780879+00:00
# note: Captured from real AWS by capture-real-aws.yml
# ---
HTTP 200
[header] x-amz-id-2: <MASKED>
[header] x-amz-request-id: <MASKED>
[header] x-amz-server-side-encryption: AES256
[body:xml-error]
  (root): InitiateMultipartUploadResult
  Bucket: aws2azure-it-1787334418-288841-s3bucket
  Key: multipart/final.txt
  UploadId: dIMVSPD.ttoXOaKrF99qau1qoq_rNda6mqXdfPeKjzHZQeuA1LswMuJjxAnr9NXuN9QZkmQPL7MgMdHX4GMQBKqyTOOuOWhpvuydEuBlFK48xKj0PJ1CjfgtvG2Okl6a5Tt_oGder_nozVxq02iqzQ--
