# aws2azure conformance golden
# source: aws
# operation: s3:CreateMultipartUpload/UploadPart/UploadPartCopy/ListParts/CompleteMultipartUpload/GetObject
# captured: 2026-08-23T19:48:04.5449589+00:00
# note: Captured from real AWS by capture-real-aws.yml
# ---
HTTP 204
[header] x-amz-delete-marker: true
[header] x-amz-id-2: <MASKED>
[header] x-amz-request-id: <MASKED>
[header] x-amz-version-id: 0g8Fv_gJfeA.vWRSmJ_zE6HExKZT._Lb
[body:empty]
