# aws2azure conformance golden
# source: aws
# operation: s3:CreateMultipartUpload/UploadPart/UploadPartCopy/ListParts/CompleteMultipartUpload/GetObject
# captured: 2026-08-23T19:48:03.4007565+00:00
# note: Captured from real AWS by capture-real-aws.yml
# ---
HTTP 200
[header] content-type: application/xml
[header] x-amz-id-2: <MASKED>
[header] x-amz-request-id: <MASKED>
[body:xml-error]
  (root): ListPartsResult
  Bucket: aws2azure-it-1787514472-878450-s3bucket
  Initiator: <nested>
  IsTruncated: false
  Key: multipart/final.txt
  MaxParts: 1000
  NextPartNumberMarker: 2
  Owner: <nested>
  Part: <nested>
  PartNumberMarker: 1
  StorageClass: STANDARD
  UploadId: LYnKWWar56TiuUNN4iYZPEF8eIA4f.EsLgDDR7ICejX5xRRYmNPMq.4c3Tq0Zd5goGq7gaM86tlCyYp6I2G7SDWA5Krc1DXg4BWA3zOVl4ojXcdvr.SVnRFK2ZOn3hjFvy6dOivtoqeaI_8y_WEh9Q--
