# aws2azure conformance golden
# source: aws
# operation: dynamodb:CreateTable/UpdateTimeToLive/DescribeTimeToLive/DeleteTable
# captured: 2026-08-21T17:46:47.6048882+00:00
# note: Captured from real AWS by capture-real-aws.yml
# ---
HTTP 200
[header] content-type: application/x-amz-json-1.0
[header] x-amz-crc32: 3165574162
[body:json-error]
  TimeToLiveSpecification: <nested>
