# aws2azure conformance golden
# source: aws
# operation: s3:PutObject/CopyObject/GetObject
# captured: 2026-08-23T19:48:07.2665947+00:00
# note: Captured from real AWS by capture-real-aws.yml
# ---
HTTP 200
[header] content-type: application/xml
[header] x-amz-copy-source-version-id: aoeEHffrK_bymOuoijj11.ooZJwc86pe
[header] x-amz-id-2: <MASKED>
[header] x-amz-request-id: <MASKED>
[header] x-amz-server-side-encryption: AES256
[header] x-amz-version-id: 63DF6e_9ppACWj.zVJFSX1032pMh3L3q
[body:xml-error]
  (root): CopyObjectResult
  ChecksumCRC64NVME: uw4Ye3cfRcc=
  ChecksumType: FULL_OBJECT
  ETag: "b6fffb88028e09688b29803e41c95dde"
  LastModified: 2026-08-23T19:48:08.000Z
