# aws2azure conformance golden
# source: aws
# operation: s3:PutObject/CopyObject/GetObject
# captured: 2026-08-21T17:47:19.8205658+00:00
# note: Captured from real AWS by capture-real-aws.yml
# ---
HTTP 204
[header] x-amz-id-2: <MASKED>
[header] x-amz-request-id: <MASKED>
[header] x-amz-version-id: 5KH6f8s05UfPLgztOGrAyM_TgQrOFo4t
[body:empty]
