# aws2azure conformance golden
# source: aws
# operation: secretsmanager:CreateSecret/DescribeSecret/DeleteSecret
# captured: 2026-08-23T19:46:04.8482165+00:00
# note: Captured from real AWS by capture-real-aws.yml
# ---
HTTP 200
[header] content-type: application/x-amz-json-1.1
[body:json-error]
  ARN: arn:aws:secretsmanager:us-east-1:566721718195:secret:aws2azure-it-1787514363-194519-secretsmanagerdescribe-Htkql1
  Name: aws2azure-it-1787514363-194519-secretsmanagerdescribe
  VersionId: 31e162b9-1e0a-4c31-b532-ba1b021172ba
