# aws2azure conformance golden
# source: aws
# operation: secretsmanager:CreateSecret/DescribeSecret/DeleteSecret
# captured: 2026-08-23T19:46:05.0175856+00:00
# note: Captured from real AWS by capture-real-aws.yml
# ---
HTTP 200
[header] content-type: application/x-amz-json-1.1
[body:json-error]
  ARN: arn:aws:secretsmanager:us-east-1:566721718195:secret:aws2azure-it-1787514363-194519-secretsmanagerdescribe-Htkql1
  CreatedDate: 1.787514364763E9
  LastChangedDate: 1.787514364794E9
  Name: aws2azure-it-1787514363-194519-secretsmanagerdescribe
  VersionIdsToStages: <nested>
