# aws2azure conformance golden
# source: aws
# operation: sqs:CreateQueue/CreateQueue/GetQueueAttributes/SetQueueAttributes/ListDeadLetterSourceQueues/DeleteQueue/DeleteQueue
# captured: 2026-08-23T19:46:19.5260062+00:00
# note: Captured from real AWS by capture-real-aws.yml
# ---
HTTP 200
[header] content-type: text/xml
[body:xml-error]
  (root): GetQueueAttributesResponse
  GetQueueAttributesResult: <nested>
  ResponseMetadata: <nested>
