# aws2azure conformance golden
# source: aws
# operation: s3:PutObject/PutObjectTagging/GetObjectTagging/DeleteObjectTagging
# captured: 2026-08-21T17:47:07.5464637+00:00
# note: Captured from real AWS by capture-real-aws.yml
# ---
HTTP 204
[header] x-amz-id-2: <MASKED>
[header] x-amz-request-id: <MASKED>
[header] x-amz-version-id: WdwxLsvkhaRVqsCid8gQsHEJUJMBYrO8
[body:empty]
