# aws2azure conformance golden
# source: aws
# operation: s3:PutObject/PutObjectTagging/GetObjectTagging/DeleteObjectTagging
# captured: 2026-08-23T19:47:59.2487828+00:00
# note: Captured from real AWS by capture-real-aws.yml
# ---
HTTP 200
[header] x-amz-id-2: <MASKED>
[header] x-amz-request-id: <MASKED>
[header] x-amz-version-id: QtAg2lDm6Xey2V8uzO5.r_hWxFWc2fhe
[body:xml-error]
  (root): Tagging
  TagSet: 
