# aws2azure conformance golden
# source: aws
# operation: s3:CreateMultipartUpload/UploadPart/AbortMultipartUpload/ListParts/GetObject
# captured: 2026-08-23T19:48:06.4360415+00:00
# note: Captured from real AWS by capture-real-aws.yml
# ---
HTTP 404
[header] content-type: application/xml
[header] x-amz-id-2: <MASKED>
[header] x-amz-request-id: <MASKED>
[body:xml-error]
  (root): Error
  Code: NoSuchKey
  HostId: <MASKED>
  Key: multipart/aborted.txt
  Message: <MASKED>
  RequestId: <MASKED>
