# aws2azure conformance golden
# source: aws
# operation: bucketalreadyownedbyyou-recreate
# captured: 2026-08-23T19:48:19.5349811+00:00
# note: Captured from real AWS by capture-real-aws.yml
# ---
HTTP 409
[header] content-type: application/xml
[header] x-amz-bucket-region: eu-west-1
[header] x-amz-id-2: <MASKED>
[header] x-amz-request-id: <MASKED>
[body:xml-error]
  (root): Error
  BucketName: aws2azure-it-1787514497-676879-s3backenderreuw
  Code: BucketAlreadyOwnedByYou
  HostId: <MASKED>
  Message: <MASKED>
  RequestId: <MASKED>
