# aws2azure conformance golden
# source: aws
# operation: s3:ListObjects
# captured: 2026-08-21T17:47:24.8186376+00:00
# note: Captured from real AWS by capture-real-aws.yml
# ---
HTTP 204
[header] x-amz-delete-marker: true
[header] x-amz-id-2: <MASKED>
[header] x-amz-request-id: <MASKED>
[header] x-amz-version-id: 2UPYiIw14my0ADwAkkP.ZVjb1YL.Ku9F
[body:empty]
