# aws2azure conformance golden
# source: aws
# operation: s3:ListObjects
# captured: 2026-08-23T19:48:12.5583236+00:00
# note: Captured from real AWS by capture-real-aws.yml
# ---
HTTP 204
[header] x-amz-id-2: <MASKED>
[header] x-amz-request-id: <MASKED>
[header] x-amz-version-id: mq7EItUittfLNkIJypCm1d6AugarZWwR
[body:empty]
