# aws2azure conformance golden
# source: aws
# operation: sns:CreateTopic/Subscribe/ListSubscriptions/ListSubscriptionsByTopic/Unsubscribe/DeleteTopic
# captured: 2026-08-23T19:46:42.1658003+00:00
# note: Captured from real AWS by capture-real-aws.yml
# ---
HTTP 200
[header] content-type: text/xml
[body:xml-error]
  (root): CreateTopicResponse
  CreateTopicResult: <nested>
  ResponseMetadata: <nested>
