# aws2azure conformance golden
# source: aws
# operation: sns:CreateTopic/Subscribe/ListSubscriptions/ListSubscriptionsByTopic/Unsubscribe/DeleteTopic
# captured: 2026-08-21T17:45:46.2717007+00:00
# note: Captured from real AWS by capture-real-aws.yml
# ---
HTTP 200
[header] content-type: text/xml
[body:xml-error]
  (root): ListSubscriptionsByTopicResponse
  ListSubscriptionsByTopicResult: <nested>
  ResponseMetadata: <nested>
